

@S |Clock Optimization Summary


#### START OF CLOCK OPTIMIZATION REPORT #####[

2 non-gated/non-generated clock tree(s) driving 10074 clock pin(s) of sequential element(s)
18 gated/generated clock tree(s) driving 5609 clock pin(s) of sequential element(s)
0 instances converted, 5609 sequential instances remain driven by gated/generated clocks

==================================================== Non-Gated/Non-Generated Clocks =====================================================
Clock Tree ID     Driving Element     Drive Element Type     Fanout     Sample Instance                                                  
-----------------------------------------------------------------------------------------------------------------------------------------
@K:CKID0019       ref_clk_i           port                   9702       i_pulpissimo.soc_domain_i.pulp_soc_i.slave_valid                 
@K:CKID0020       pad_jtag_tck        port                   372        i_pulpissimo.soc_domain_i.pulp_soc_i.jtag_tap_top_i.r_soc_reg1[0]
=========================================================================================================================================
================================================================================================================================================================================================================================================== Gated/Generated Clocks ==================================================================================================================================================================================================================================================
Clock Tree ID     Driving Element                                                                                                                     Drive Element Type      Fanout     Sample Instance                                                                                                                                                                                                                                       Explanation                                                                  
----------------------------------------------------------------------------------------------------------------------------------------------------------------------------------------------------------------------------------------------------------------------------------------------------------------------------------------------------------------------------------------------------------------------------------------------------------------------------------------------------------------------------
@K:CKID0001       i_pulpissimo.safe_domain_i.pad_control_i.i2s_slave_sck_o                                                                            cyclonev_lcell_comb     61         i_pulpissimo.soc_domain_i.pulp_soc_i.soc_peripherals_i.i_udma.i_i2s_udma.i_i2s_txrx.i_i2s_master.r_state[1]                                                                                                                                           No clocks found on inputs                                                    
@K:CKID0002       i_pulpissimo.safe_domain_i.pad_control_i.cam_pclk_o_0_a2                                                                            cyclonev_lcell_comb     58         i_pulpissimo.soc_domain_i.pulp_soc_i.soc_peripherals_i.i_udma.i_camera_if.r_framecounter_0[0]                                                                                                                                                         No clocks found on inputs                                                    
@K:CKID0003       i_pulpissimo.soc_domain_i.pulp_soc_i.soc_peripherals_i.i_udma.i_i2s_udma.i_clkws_gen.i_clkgen0.r_clk                                dffeas                  1          i_pulpissimo.soc_domain_i.pulp_soc_i.soc_peripherals_i.i_udma.i_i2s_udma.i_clkws_gen.i_pdm_cg.clk_en                                                                                                                                                  Inferred clock from port ref_clk_i (in view: work.xilinx_pulpissimo(verilog))
@K:CKID0004       i_pulpissimo.soc_domain_i.pulp_soc_i.soc_peripherals_i.i_udma.i_udmacore.i_clk_gate_sys_udma.clk_o                                  cyclonev_lcell_comb     3674       i_pulpissimo.soc_domain_i.pulp_soc_i.soc_peripherals_i.i_udma.i_udmacore.u_rx_channels.r_anygrant                                                                                                                                                     Inferred clock from port ref_clk_i (in view: work.xilinx_pulpissimo(verilog))
@K:CKID0005       i_pulpissimo.soc_domain_i.pulp_soc_i.soc_peripherals_i.i_udma.i_udmacore.genblk1\[1\]\.i_clk_gate_per.i_clk_gate.clk_o              cyclonev_lcell_comb     341        i_pulpissimo.soc_domain_i.pulp_soc_i.soc_peripherals_i.i_udma.i_spim_gen\[0\]\.i_spim.u_eot_ep.sync_a[1]                                                                                                                                              Inferred clock from port ref_clk_i (in view: work.xilinx_pulpissimo(verilog))
@K:CKID0006       i_pulpissimo.soc_domain_i.pulp_soc_i.soc_peripherals_i.i_apb_adv_timer.i_clk_gate_timer0.clk_o                                      cyclonev_lcell_comb     187        i_pulpissimo.soc_domain_i.pulp_soc_i.soc_peripherals_i.i_apb_adv_timer.u_tim0.u_comp_ch3.r_value                                                                                                                                                      Inferred clock from port ref_clk_i (in view: work.xilinx_pulpissimo(verilog))
@K:CKID0007       i_pulpissimo.soc_domain_i.pulp_soc_i.soc_peripherals_i.i_apb_adv_timer.i_clk_gate_timer1.clk_o                                      cyclonev_lcell_comb     187        i_pulpissimo.soc_domain_i.pulp_soc_i.soc_peripherals_i.i_apb_adv_timer.u_tim1.u_comp_ch3.r_value                                                                                                                                                      Inferred clock from port ref_clk_i (in view: work.xilinx_pulpissimo(verilog))
@K:CKID0008       i_pulpissimo.soc_domain_i.pulp_soc_i.soc_peripherals_i.i_apb_adv_timer.i_clk_gate_timer2.clk_o                                      cyclonev_lcell_comb     187        i_pulpissimo.soc_domain_i.pulp_soc_i.soc_peripherals_i.i_apb_adv_timer.u_tim2.u_comp_ch3.r_value                                                                                                                                                      Inferred clock from port ref_clk_i (in view: work.xilinx_pulpissimo(verilog))
@K:CKID0009       i_pulpissimo.soc_domain_i.pulp_soc_i.soc_peripherals_i.i_apb_adv_timer.i_clk_gate_timer3.clk_o                                      cyclonev_lcell_comb     187        i_pulpissimo.soc_domain_i.pulp_soc_i.soc_peripherals_i.i_apb_adv_timer.u_tim3.u_comp_ch3.r_value                                                                                                                                                      Inferred clock from port ref_clk_i (in view: work.xilinx_pulpissimo(verilog))
@K:CKID0010       i_pulpissimo.soc_domain_i.pulp_soc_i.soc_peripherals_i.i_udma.i_udmacore.genblk1\[2\]\.i_clk_gate_per.i_clk_gate.clk_o              cyclonev_lcell_comb     157        i_pulpissimo.soc_domain_i.pulp_soc_i.soc_peripherals_i.i_udma.i_i2c_gen\[0\]\.i_i2c.i_i2c_control.r_rd_ack_0                                                                                                                                          Inferred clock from port ref_clk_i (in view: work.xilinx_pulpissimo(verilog))
@K:CKID0011       i_pulpissimo.soc_domain_i.pulp_soc_i.soc_peripherals_i.i_udma.i_udmacore.genblk1\[3\]\.i_clk_gate_per.i_clk_gate.clk_o              cyclonev_lcell_comb     157        i_pulpissimo.soc_domain_i.pulp_soc_i.soc_peripherals_i.i_udma.i_i2c_gen\[1\]\.i_i2c.i_i2c_control.r_rd_ack_0                                                                                                                                          Inferred clock from port ref_clk_i (in view: work.xilinx_pulpissimo(verilog))
@K:CKID0012       i_pulpissimo.soc_domain_i.pulp_soc_i.soc_peripherals_i.i_udma.i_udmacore.genblk1\[4\]\.i_clk_gate_per.i_clk_gate.clk_o              cyclonev_lcell_comb     143        i_pulpissimo.soc_domain_i.pulp_soc_i.soc_peripherals_i.i_udma.i_sdio.i_sdio_txrx.r_state[1]                                                                                                                                                           Inferred clock from port ref_clk_i (in view: work.xilinx_pulpissimo(verilog))
@K:CKID0013       i_pulpissimo.soc_domain_i.pulp_soc_i.soc_peripherals_i.i_udma.i_udmacore.genblk1\[0\]\.i_clk_gate_per.i_clk_gate.clk_o              cyclonev_lcell_comb     110        i_pulpissimo.soc_domain_i.pulp_soc_i.soc_peripherals_i.i_udma.i_uart_gen\[0\]\.i_uart.r_uart_stop_bits                                                                                                                                                Inferred clock from port ref_clk_i (in view: work.xilinx_pulpissimo(verilog))
@K:CKID0014       i_pulpissimo.soc_domain_i.pulp_soc_i.soc_peripherals_i.i_udma.i_udmacore.genblk1\[5\]\.i_clk_gate_per.i_clk_gate.clk_o              cyclonev_lcell_comb     79         i_pulpissimo.soc_domain_i.pulp_soc_i.soc_peripherals_i.i_udma.i_i2s_udma.u_reg_if.r_per_slave_sel_num                                                                                                                                                 Inferred clock from port ref_clk_i (in view: work.xilinx_pulpissimo(verilog))
@K:CKID0015       i_pulpissimo.soc_domain_i.pulp_soc_i.soc_peripherals_i.i_udma.i_spim_gen\[0\]\.i_spim.u_dc_cmd.u_din.buffer.data.mlab.inclock       port                    32         i_pulpissimo.soc_domain_i.pulp_soc_i.soc_peripherals_i.i_udma.i_spim_gen\[0\]\.i_spim.u_dc_cmd.u_din.buffer.data.mlab.i_pulpissimo.soc_domain_i.pulp_soc_i.soc_peripherals_i.i_udma.i_spim_gen\[0\]\.i_spim.u_dc_cmd.u_din.buffer.data_25[16]         No gated clock conversion method for cell cell:ALTERA_APEX.cyclonev_mlab_cell
@K:CKID0016       i_pulpissimo.soc_domain_i.pulp_soc_i.soc_peripherals_i.i_udma.i_spim_gen\[0\]\.i_spim.u_dc_tx.u_din.buffer.data.mlab.inclock        port                    32         i_pulpissimo.soc_domain_i.pulp_soc_i.soc_peripherals_i.i_udma.i_spim_gen\[0\]\.i_spim.u_dc_tx.u_din.buffer.data.mlab.i_pulpissimo.soc_domain_i.pulp_soc_i.soc_peripherals_i.i_udma.i_spim_gen\[0\]\.i_spim.u_dc_tx.u_din.buffer.data_50[9]            No gated clock conversion method for cell cell:ALTERA_APEX.cyclonev_mlab_cell
@K:CKID0017       i_pulpissimo.soc_domain_i.pulp_soc_i.soc_peripherals_i.i_udma.i_i2c_gen\[0\]\.i_i2c.i_dc_fifo_tx.u_din.buffer.data.mlab.inclock     port                    8          i_pulpissimo.soc_domain_i.pulp_soc_i.soc_peripherals_i.i_udma.i_i2c_gen\[0\]\.i_i2c.i_dc_fifo_tx.u_din.buffer.data.mlab.i_pulpissimo.soc_domain_i.pulp_soc_i.soc_peripherals_i.i_udma.i_i2c_gen\[0\]\.i_i2c.i_dc_fifo_tx.u_din.buffer.data_193[0]     No gated clock conversion method for cell cell:ALTERA_APEX.cyclonev_mlab_cell
@K:CKID0018       i_pulpissimo.soc_domain_i.pulp_soc_i.soc_peripherals_i.i_udma.i_i2c_gen\[1\]\.i_i2c.i_dc_fifo_tx.u_din.buffer.data.mlab.inclock     port                    8          i_pulpissimo.soc_domain_i.pulp_soc_i.soc_peripherals_i.i_udma.i_i2c_gen\[1\]\.i_i2c.i_dc_fifo_tx.u_din.buffer.data.mlab.i_pulpissimo.soc_domain_i.pulp_soc_i.soc_peripherals_i.i_udma.i_i2c_gen\[1\]\.i_i2c.i_dc_fifo_tx.u_din.buffer.data_210[1]     No gated clock conversion method for cell cell:ALTERA_APEX.cyclonev_mlab_cell
============================================================================================================================================================================================================================================================================================================================================================================================================================================================================================================================


##### END OF CLOCK OPTIMIZATION REPORT ######]

