
                               Synplify Pro (R) 

               Version T-2022.09-SP2 for linux64 - Nov 25, 2022 

                    Copyright (c) 1988 - 2022 Synopsys, Inc.
   This software and the associated documentation are proprietary to Synopsys,
 Inc. This software may only be used in accordance with the terms and conditions
 of a written license agreement with Synopsys, Inc. All other use, reproduction,
   or distribution of this software is strictly prohibited.  Licensed Products
     communicate with Synopsys servers for the purpose of providing software
    updates, detecting software piracy and verifying that customers are using
    Licensed Products in conformity with the applicable License Key for such
  Licensed Products. Synopsys will use information gathered in connection with
    this process to deliver software updates and pursue software pirates and
                                   infringers.

 Inclusivity & Diversity - Visit SolvNetPlus to read the "Synopsys Statement on
            Inclusivity and Diversity" (Refer to article 000036315 at
                        https://solvnetplus.synopsys.com)

Starting:    /home/victor/simplify-5.9/install/fpga/T-2022.09-SP2/linux_a_64/mbin/synplify
Install:     /home/victor/simplify-5.9/install/fpga/T-2022.09-SP2
Hostname:    victor-Aspire-A315-56
Date:        Tue Jul  1 19:02:54 2025
Version:     T-2022.09-SP2

Arguments:   -product synplify_pro
ProductType: synplify_base

License checkout: synplifypremierdp
License: synplifypremierdp from server license (Using premium license)
Licensed Vendor: All FPGA
License Option: ident


use_module_idb is not supported in current product.
auto_infer_blackbox is not supported in current product.
Loaded XDM (Hierarchy) data base - elapsed time 0:0 Blocks=750
@N Implementation '/home/victor/pulp_shared_vm/pulp_box/pulpissimo/fpga/quartus22/synplify_xilinx_pulpissimo_work/xilinx_pulpissimo.prj|synplify_xilinx_pulpissimo_work' design hierarchy loaded from database
exit status=0
License checkin: synplifypremierdp
