"/home/victor/simplify-5.9/install/fpga/T-2022.09-SP2/lib/altera/quartus_prime223/cyclonev_atoms.v"
"/home/victor/simplify-5.9/install/fpga/T-2022.09-SP2/lib/altera/quartus_prime223/cyclonev_hssi_atoms.v"
"/home/victor/simplify-5.9/install/fpga/T-2022.09-SP2/lib/altera/quartus_prime223/cyclonev_hps_atoms.sv"
"/home/victor/simplify-5.9/install/fpga/T-2022.09-SP2/lib/altera/quartus_prime223/cyclonev_pcie_hip_atoms.v"
"/home/victor/simplify-5.9/install/fpga/T-2022.09-SP2/lib/altera/quartus_prime223/altera_mf.v"
"/home/victor/simplify-5.9/install/fpga/T-2022.09-SP2/lib/altera/quartus_prime223/altera_lpm.v"
"/home/victor/simplify-5.9/install/fpga/T-2022.09-SP2/lib/altera/quartus_prime223/altera_primitives.v"
"/home/victor/pulp_shared_vm/pulp_box/pulpissimo/ips/common_cells/src/cf_math_pkg.sv"
"/home/victor/pulp_shared_vm/pulp_box/pulpissimo/ips/common_cells/src/ecc_decode.sv"
"/home/victor/pulp_shared_vm/pulp_box/pulpissimo/ips/L2_tcdm_hybrid_interco/RTL/axi_2_lint/axi64_2_lint32.sv"
"/home/victor/pulp_shared_vm/pulp_box/pulpissimo/ips/apb/apb2per/apb2per.sv"
"/home/victor/pulp_shared_vm/pulp_box/pulpissimo/ips/apb/apb_node/src/apb_node.sv"
"/home/victor/pulp_shared_vm/pulp_box/pulpissimo/ips/apb/apb_node/src/apb_node_wrap.sv"
"/home/victor/pulp_shared_vm/pulp_box/pulpissimo/ips/axi/axi/src/axi_pkg.sv"
"/home/victor/pulp_shared_vm/pulp_box/pulpissimo/ips/timer_unit/./rtl/timer_unit_counter_presc.sv"
"/home/victor/pulp_shared_vm/pulp_box/pulpissimo/ips/fpu_div_sqrt_mvp/hdl/defs_div_sqrt_mvp.sv"
"/home/victor/pulp_shared_vm/pulp_box/pulpissimo/ips/fpu_div_sqrt_mvp/hdl/control_mvp.sv"
"/home/victor/pulp_shared_vm/pulp_box/pulpissimo/ips/fpu_div_sqrt_mvp/hdl/div_sqrt_mvp_wrapper.sv"
"/home/victor/pulp_shared_vm/pulp_box/pulpissimo/ips/fpu_div_sqrt_mvp/hdl/div_sqrt_top_mvp.sv"
"/home/victor/pulp_shared_vm/pulp_box/pulpissimo/ips/fpu_div_sqrt_mvp/hdl/iteration_div_sqrt_mvp.sv"
"/home/victor/pulp_shared_vm/pulp_box/pulpissimo/ips/fpu_div_sqrt_mvp/hdl/norm_div_sqrt_mvp.sv"
"/home/victor/pulp_shared_vm/pulp_box/pulpissimo/ips/fpu_div_sqrt_mvp/hdl/nrbd_nrsc_mvp.sv"
"/home/victor/pulp_shared_vm/pulp_box/pulpissimo/ips/fpu_div_sqrt_mvp/hdl/preprocess_mvp.sv"
"/home/victor/pulp_shared_vm/pulp_box/pulpissimo/ips/fpnew/src/fpnew_fma.sv"
"/home/victor/pulp_shared_vm/pulp_box/pulpissimo/ips/fpnew/src/fpnew_fma_multi.sv"
"/home/victor/pulp_shared_vm/pulp_box/pulpissimo/ips/riscv/./rtl/riscv_pmp.sv"
"/home/victor/pulp_shared_vm/pulp_box/pulpissimo/ips/riscv/./rtl/register_file_test_wrap.sv"
"/home/victor/pulp_shared_vm/pulp_box/pulpissimo/ips/hwpe-stream/rtl/hwpe_stream_interfaces.sv"
"/home/victor/pulp_shared_vm/pulp_box/pulpissimo/ips/hwpe-mac-engine/rtl/mac_engine.sv"
"/home/victor/pulp_shared_vm/pulp_box/pulpissimo/ips/riscv-dbg/src/dm_pkg.sv"
"/home/victor/pulp_shared_vm/pulp_box/pulpissimo/ips/riscv-dbg/src/dm_csrs.sv"
"/home/victor/pulp_shared_vm/pulp_box/pulpissimo/ips/riscv-dbg/src/dm_mem.sv"
"/home/victor/pulp_shared_vm/pulp_box/pulpissimo/ips/riscv-dbg/src/dm_top.sv"
"/home/victor/pulp_shared_vm/pulp_box/pulpissimo/ips/riscv-dbg/src/dmi_cdc.sv"
"/home/victor/pulp_shared_vm/pulp_box/pulpissimo/ips/riscv-dbg/src/dmi_jtag.sv"
"/home/victor/pulp_shared_vm/pulp_box/pulpissimo/ips/riscv-dbg/src/dmi_jtag_tap.sv"
"/home/victor/pulp_shared_vm/pulp_box/pulpissimo/ips/riscv-dbg/src/dm_sba.sv"
"/home/victor/pulp_shared_vm/pulp_box/pulpissimo/ips/pulp_soc/rtl/pulp_soc/soc_peripherals.sv"
"/home/victor/pulp_shared_vm/pulp_box/pulpissimo/ips/pulp_soc/rtl/components/pulp_interfaces.sv"
"/home/victor/pulp_shared_vm/pulp_box/pulpissimo/fpga/pulpissimo-zedboard/rtl/xilinx_pulpissimo.v"
"/home/victor/pulp_shared_vm/pulp_box/pulpissimo/ips/fpnew/src/fpnew_fma_multi.sv"
