
                               Synplify Pro (R) 

               Version T-2022.09-SP2 for linux64 - Nov 25, 2022 

                    Copyright (c) 1988 - 2022 Synopsys, Inc.
   This software and the associated documentation are proprietary to Synopsys,
 Inc. This software may only be used in accordance with the terms and conditions
 of a written license agreement with Synopsys, Inc. All other use, reproduction,
   or distribution of this software is strictly prohibited.  Licensed Products
     communicate with Synopsys servers for the purpose of providing software
    updates, detecting software piracy and verifying that customers are using
    Licensed Products in conformity with the applicable License Key for such
  Licensed Products. Synopsys will use information gathered in connection with
    this process to deliver software updates and pursue software pirates and
                                   infringers.

 Inclusivity & Diversity - Visit SolvNetPlus to read the "Synopsys Statement on
            Inclusivity and Diversity" (Refer to article 000036315 at
                        https://solvnetplus.synopsys.com)

Starting:    /home/victor/simplify-5.9/install/fpga/T-2022.09-SP2/linux_a_64/mbin/synbatch
Install:     /home/victor/simplify-5.9/install/fpga/T-2022.09-SP2
Hostname:    victor-Aspire-A315-56
Date:        Tue Jul  1 14:48:54 2025
Version:     T-2022.09-SP2

Arguments:   -product synplify_pro -licensetype synplifypremierdp -batch xilinx_pulpissimo_alt.tcl
ProductType: synplify_base

License checkout: synplifypremierdp
License: synplifypremierdp from server license (Using premium license)
Licensed Vendor: All FPGA
License Option: ident


@W: UI147 |File already exists in project: "/home/victor/pulp_shared_vm/pulp_box/pulpissimo/ips/pulp_soc/rtl/components/apb_timer_unit.sv"
"write_vif" is unrecognized option for current device
log file: "/home/victor/pulp_shared_vm/pulp_box/pulpissimo/fpga/synplify_xilinx_pulpissimo_work/xilinx_pulpissimo.srr"
Running: synplify_xilinx_pulpissimo_work in foreground

Running proj_1|synplify_xilinx_pulpissimo_work

Running Flow: compile (Compile) on proj_1|synplify_xilinx_pulpissimo_work
# Tue Jul  1 14:48:54 2025

Running Flow: compile_flow (Compile Process) on proj_1|synplify_xilinx_pulpissimo_work
# Tue Jul  1 14:48:54 2025

Running: compiler (Compile Input) on proj_1|synplify_xilinx_pulpissimo_work
# Tue Jul  1 14:48:54 2025
Process ID: 337381

compiler completed
# Tue Jul  1 14:48:57 2025

Return Code: 0
Run Time:00h:00m:03s

Running: multi_srs_gen (Multi-srs Generator) on proj_1|synplify_xilinx_pulpissimo_work
# Tue Jul  1 14:48:57 2025
Up-To-Date: multi_srs_gen. No run necessary
Complete: Compile Process on proj_1|synplify_xilinx_pulpissimo_work

Running: premap (Premap) on proj_1|synplify_xilinx_pulpissimo_work
# Tue Jul  1 14:48:57 2025
Process ID: 338029
premap exited with errors
Job failed on: proj_1|synplify_xilinx_pulpissimo_work

Job: "premap" terminated with error status: 2
See log file: "/home/victor/pulp_shared_vm/pulp_box/pulpissimo/fpga/synplify_xilinx_pulpissimo_work/synlog/xilinx_pulpissimo_premap.srr"
# Tue Jul  1 14:48:59 2025

Return Code: 2
Run Time:00h:00m:02s
Complete: Compile on proj_1|synplify_xilinx_pulpissimo_work
Complete: Logic Synthesis on proj_1|synplify_xilinx_pulpissimo_work
Error: At line 535 while processing "xilinx_pulpissimo_alt.tcl"
2
TCL script complete: "xilinx_pulpissimo_alt.tcl"
TCL script had errors: "xilinx_pulpissimo_alt.tcl"
exit status=9
exit status=9
Save changes for project:
/home/victor/pulp_shared_vm/pulp_box/pulpissimo/fpga/synplify_xilinx_pulpissimo_work/proj_1.prj
batch mode default:no
License checkin: synplifypremierdp
