
                               Synplify Pro (R) 

               Version T-2022.09-SP2 for linux64 - Nov 25, 2022 

                    Copyright (c) 1988 - 2022 Synopsys, Inc.
   This software and the associated documentation are proprietary to Synopsys,
 Inc. This software may only be used in accordance with the terms and conditions
 of a written license agreement with Synopsys, Inc. All other use, reproduction,
   or distribution of this software is strictly prohibited.  Licensed Products
     communicate with Synopsys servers for the purpose of providing software
    updates, detecting software piracy and verifying that customers are using
    Licensed Products in conformity with the applicable License Key for such
  Licensed Products. Synopsys will use information gathered in connection with
    this process to deliver software updates and pursue software pirates and
                                   infringers.

 Inclusivity & Diversity - Visit SolvNetPlus to read the "Synopsys Statement on
            Inclusivity and Diversity" (Refer to article 000036315 at
                        https://solvnetplus.synopsys.com)

Starting:    /home/victor/simplify-5.9/install/fpga/T-2022.09-SP2/linux_a_64/mbin/synbatch
Install:     /home/victor/simplify-5.9/install/fpga/T-2022.09-SP2
Hostname:    victor-Aspire-A315-56
Date:        Fri Jul  4 17:39:59 2025
Version:     T-2022.09-SP2

Arguments:   -product synplify_pro -licensetype synplifypremierdp -batch xilinx_pulpissimo_alt.tcl
ProductType: synplify_base

License checkout: synplifypremierdp
License: synplifypremierdp from server license (Using premium license)
Licensed Vendor: All FPGA
License Option: ident


"write_vif" is unrecognized option for current device
log file: "/home/victor/pulp_shared_vm/pulp_box/pulpissimo/fpga/quartus22/synplify_xilinx_pulpissimo_work/xilinx_pulpissimo.srr"
Running: synplify_xilinx_pulpissimo_work in foreground

Running proj_1|synplify_xilinx_pulpissimo_work

Running Flow: compile (Compile) on proj_1|synplify_xilinx_pulpissimo_work
# Fri Jul  4 17:40:00 2025

Running Flow: compile_flow (Compile Process) on proj_1|synplify_xilinx_pulpissimo_work
# Fri Jul  4 17:40:00 2025

Running: compiler (Compile Input) on proj_1|synplify_xilinx_pulpissimo_work
# Fri Jul  4 17:40:00 2025
Process ID: 26211
Copied /home/victor/pulp_shared_vm/pulp_box/pulpissimo/fpga/quartus22/synplify_xilinx_pulpissimo_work/synwork/xilinx_pulpissimo_comp.srs to /home/victor/pulp_shared_vm/pulp_box/pulpissimo/fpga/quartus22/synplify_xilinx_pulpissimo_work/xilinx_pulpissimo.srs

compiler completed
# Fri Jul  4 17:41:22 2025

Return Code: 0
Run Time:00h:01m:21s

Running: multi_srs_gen (Multi-srs Generator) on proj_1|synplify_xilinx_pulpissimo_work
# Fri Jul  4 17:41:22 2025
Process ID: 26905

multi_srs_gen completed
# Fri Jul  4 17:41:27 2025

Return Code: 0
Run Time:00h:00m:05s
Copied /home/victor/pulp_shared_vm/pulp_box/pulpissimo/fpga/quartus22/synplify_xilinx_pulpissimo_work/synwork/xilinx_pulpissimo_mult.srs to /home/victor/pulp_shared_vm/pulp_box/pulpissimo/fpga/quartus22/synplify_xilinx_pulpissimo_work/xilinx_pulpissimo.srs
Complete: Compile Process on proj_1|synplify_xilinx_pulpissimo_work

Running: premap (Premap) on proj_1|synplify_xilinx_pulpissimo_work
# Fri Jul  4 17:41:27 2025
Process ID: 26922

premap completed with warnings
# Fri Jul  4 17:41:58 2025

Return Code: 1
Run Time:00h:00m:31s
Complete: Compile on proj_1|synplify_xilinx_pulpissimo_work

Running Flow: map (Map) on proj_1|synplify_xilinx_pulpissimo_work
# Fri Jul  4 17:41:58 2025
License granted for 4 parallel jobs

Running: fpga_mapper (Map & Optimize) on proj_1|synplify_xilinx_pulpissimo_work
# Fri Jul  4 17:41:58 2025
Process ID: 26986
Copied /home/victor/pulp_shared_vm/pulp_box/pulpissimo/fpga/quartus22/synplify_xilinx_pulpissimo_work/synwork/xilinx_pulpissimo_m.srm to /home/victor/pulp_shared_vm/pulp_box/pulpissimo/fpga/quartus22/synplify_xilinx_pulpissimo_work/xilinx_pulpissimo.srm

fpga_mapper completed with warnings
# Fri Jul  4 18:07:23 2025

Return Code: 1
Run Time:00h:25m:24s
Complete: Map on proj_1|synplify_xilinx_pulpissimo_work
Complete: Logic Synthesis on proj_1|synplify_xilinx_pulpissimo_work
TCL script complete: "xilinx_pulpissimo_alt.tcl"
exit status=0
exit status=0
License checkin: synplifypremierdp
