
Copyright (C) 1994-2022 Synopsys, Inc.
This Synopsys software and all associated documentation are proprietary to Synopsys, Inc.
and may only be used pursuant to the terms and conditions of a written license agreement
with Synopsys, Inc. All other use, reproduction, modification, or distribution of the
Synopsys software or the associated documentation is strictly prohibited.
Tool: Synplify Pro (R)
Build: T-2022.09-SP2
Install: /home/victor/simplify-5.9/install/fpga/T-2022.09-SP2
OS: Ubuntu 24.04.2 LTS
Hostname: victor-Aspire-A315-56
max virtual memory: unlimited (bytes)
max user processes: 78566
max stack size: 8000000 (bytes)


Implementation : synplify_xilinx_pulpissimo_work

# Written on Fri Jul  4 17:41:30 2025

##### FILES SYNTAX CHECKED ##############################################
Constraint File(s):      "/home/victor/pulp_shared_vm/pulp_box/pulpissimo/fpga/quartus22/synplify_xilinx_pulpissimo_work/xilinx_pulpissimo.sdc"

#Run constraint checker to find more issues with constraints.
#########################################################################



No issues found in constraint syntax.



Clock Summary
*************

          Start                                                   Requested     Requested     Clock                                                          Clock               Clock
Level     Clock                                                   Frequency     Period        Type                                                           Group               Load 
--------------------------------------------------------------------------------------------------------------------------------------------------------------------------------------
0 -       System                                                  56.0 MHz      17.850        system                                                         system_clkgroup     11507
                                                                                                                                                                                      
0 -       pulp_clock_gating_10|clk_o_inferred_clock               171.1 MHz     5.846         inferred                                                       (multiple)          3702 
                                                                                                                                                                                      
0 -       pulp_clock_gating_21_6|clk_o_inferred_clock             1.0 MHz       1000.000      inferred                                                       (multiple)          59   
1 .         i2s_clk_gen_1|r_clk_derived_clock                     1.0 MHz       1000.000      derived (from pulp_clock_gating_21_6|clk_o_inferred_clock)     (multiple)          3087 
                                                                                                                                                                                      
0 -       pulp_clock_gating_21_3|clk_o_inferred_clock             4.1 MHz       242.981       inferred                                                       (multiple)          344  
                                                                                                                                                                                      
0 -       pad_control_1s_1s_2s|i2s_slave_sck_o_inferred_clock     4.1 MHz       241.272       inferred                                                       (multiple)          319  
                                                                                                                                                                                      
0 -       pulp_clock_gating_21_7|clk_o_inferred_clock             4.1 MHz       241.748       inferred                                                       (multiple)          271  
                                                                                                                                                                                      
0 -       pulp_clock_gating_18|clk_o_inferred_clock               272.7 MHz     3.667         inferred                                                       (multiple)          171  
                                                                                                                                                                                      
0 -       pulp_clock_gating_19|clk_o_inferred_clock               272.7 MHz     3.667         inferred                                                       (multiple)          171  
                                                                                                                                                                                      
0 -       pulp_clock_gating_20|clk_o_inferred_clock               272.7 MHz     3.667         inferred                                                       (multiple)          171  
                                                                                                                                                                                      
0 -       pulp_clock_gating_21_12|clk_o_inferred_clock            272.7 MHz     3.667         inferred                                                       (multiple)          171  
                                                                                                                                                                                      
0 -       pulp_clock_gating_21_2|clk_o_inferred_clock             332.0 MHz     3.012         inferred                                                       (multiple)          159  
                                                                                                                                                                                      
0 -       pulp_clock_gating_21_4|clk_o_inferred_clock             332.0 MHz     3.012         inferred                                                       (multiple)          159  
                                                                                                                                                                                      
0 -       pad_control_1s_1s_2s|cam_pclk_o_inferred_clock          437.7 MHz     2.285         inferred                                                       (multiple)          147  
                                                                                                                                                                                      
0 -       pulp_clock_gating_1|clk_o_inferred_clock                670.8 MHz     1.491         inferred                                                       (multiple)          126  
======================================================================================================================================================================================


Clock Load Summary
******************

                                                        Clock     Source                                                                                                                              Clock Pin                                                                                                             Non-clock Pin                                                                                                   Non-clock Pin                                                                                                          
Clock                                                   Load      Pin                                                                                                                                 Seq Example                                                                                                           Seq Example                                                                                                     Comb Example                                                                                                           
-------------------------------------------------------------------------------------------------------------------------------------------------------------------------------------------------------------------------------------------------------------------------------------------------------------------------------------------------------------------------------------------------------------------------------------------------------------------------------------------------------------------------------------------------------------------
System                                                  11507     -                                                                                                                                   i_pulpissimo.soc_domain_i.pulp_soc_i.slave_valid.C                                                                    -                                                                                                               -                                                                                                                      
                                                                                                                                                                                                                                                                                                                                                                                                                                                                                                                                                                   
pulp_clock_gating_10|clk_o_inferred_clock               3702      i_pulpissimo.soc_domain_i.pulp_soc_i.soc_peripherals_i.i_udma.i_udmacore.i_clk_gate_sys_udma.clk_o.OUT(and)                         i_pulpissimo.soc_domain_i.pulp_soc_i.soc_peripherals_i.i_udma.i_filter.r_status[2:0].C                                -                                                                                                               i_pulpissimo.soc_domain_i.pulp_soc_i.soc_peripherals_i.i_udma.i_udmacore.genblk1\[5\]\.i_clk_gate_sys.clk_en3.I[0](inv)
                                                                                                                                                                                                                                                                                                                                                                                                                                                                                                                                                                   
pulp_clock_gating_21_6|clk_o_inferred_clock             59        i_pulpissimo.soc_domain_i.pulp_soc_i.soc_peripherals_i.i_udma.i_udmacore.genblk1\[5\]\.i_clk_gate_per.i_clk_gate.clk_o.OUT(and)     i_pulpissimo.soc_domain_i.pulp_soc_i.soc_peripherals_i.i_udma.i_i2s_udma.i_clkws_gen.i_clkgen0.r_clock_en.C           -                                                                                                               -                                                                                                                      
i2s_clk_gen_1|r_clk_derived_clock                       3087      i_pulpissimo.soc_domain_i.pulp_soc_i.soc_peripherals_i.i_udma.i_i2s_udma.i_clkws_gen.i_clkgen0.r_clk.Q[0](dffre)                    i_pulpissimo.soc_domain_i.pulp_soc_i.soc_peripherals_i.i_udma.i_i2s_udma.i_i2s_txrx.i_pdm.r_data_ch0.C                i_pulpissimo.soc_domain_i.pulp_soc_i.soc_peripherals_i.i_udma.i_i2s_udma.i_clkws_gen.i_clkgen0.r_clock_en.E     i_pulpissimo.soc_domain_i.pulp_soc_i.soc_peripherals_i.i_udma.i_i2s_udma.i_clkws_gen.i_pdm_cg.clk_en3.I[0](inv)        
                                                                                                                                                                                                                                                                                                                                                                                                                                                                                                                                                                   
pulp_clock_gating_21_3|clk_o_inferred_clock             344       pad_uart_cts(port)                                                                                                                  i_pulpissimo.soc_domain_i.pulp_soc_i.soc_peripherals_i.i_udma.i_spim_gen\[0\]\.i_spim.u_eot_ep.sync_a[1:0].C          -                                                                                                               un4_PAD_2.I[0](tri)                                                                                                    
                                                                                                                                                                                                                                                                                                                                                                                                                                                                                                                                                                   
pad_control_1s_1s_2s|i2s_slave_sck_o_inferred_clock     319       i_pulpissimo.safe_domain_i.pad_control_i.i2s_slave_sck_o.OUT(and)                                                                   i_pulpissimo.soc_domain_i.pulp_soc_i.soc_peripherals_i.i_udma.i_i2s_udma.i_i2s_txrx.i_i2s_master.r_ws_sync[0].C       -                                                                                                               i_pulpissimo.soc_domain_i.pulp_soc_i.soc_peripherals_i.i_udma.i_i2s_udma.i_clkws_gen.i_ws_gen_1.un1_sck_i.I[0](inv)    
                                                                                                                                                                                                                                                                                                                                                                                                                                                                                                                                                                   
pulp_clock_gating_21_7|clk_o_inferred_clock             271       i_pulpissimo.soc_domain_i.pulp_soc_i.soc_peripherals_i.i_udma.i_udmacore.genblk1\[4\]\.i_clk_gate_per.i_clk_gate.clk_o.OUT(and)     i_pulpissimo.soc_domain_i.pulp_soc_i.soc_peripherals_i.i_udma.i_sdio.u_dc_fifo_rx.u_din.full.latched_full_s.C         -                                                                                                               i_pulpissimo.soc_domain_i.pulp_soc_i.soc_peripherals_i.i_udma.i_sdio.i_sdio_txrx.i_cmd_if.un1_clk_i.I[0](inv)          
                                                                                                                                                                                                                                                                                                                                                                                                                                                                                                                                                                   
pulp_clock_gating_18|clk_o_inferred_clock               171       i_pulpissimo.soc_domain_i.pulp_soc_i.soc_peripherals_i.i_apb_adv_timer.i_clk_gate_timer3.clk_o.OUT(and)                             i_pulpissimo.soc_domain_i.pulp_soc_i.soc_peripherals_i.i_apb_adv_timer.u_tim3.u_comp_ch3.r_comp_op[2:0].C             -                                                                                                               -                                                                                                                      
                                                                                                                                                                                                                                                                                                                                                                                                                                                                                                                                                                   
pulp_clock_gating_19|clk_o_inferred_clock               171       i_pulpissimo.soc_domain_i.pulp_soc_i.soc_peripherals_i.i_apb_adv_timer.i_clk_gate_timer2.clk_o.OUT(and)                             i_pulpissimo.soc_domain_i.pulp_soc_i.soc_peripherals_i.i_apb_adv_timer.u_tim2.u_comp_ch3.r_comp_op[2:0].C             -                                                                                                               -                                                                                                                      
                                                                                                                                                                                                                                                                                                                                                                                                                                                                                                                                                                   
pulp_clock_gating_20|clk_o_inferred_clock               171       i_pulpissimo.soc_domain_i.pulp_soc_i.soc_peripherals_i.i_apb_adv_timer.i_clk_gate_timer1.clk_o.OUT(and)                             i_pulpissimo.soc_domain_i.pulp_soc_i.soc_peripherals_i.i_apb_adv_timer.u_tim1.u_comp_ch3.r_comp_op[2:0].C             -                                                                                                               -                                                                                                                      
                                                                                                                                                                                                                                                                                                                                                                                                                                                                                                                                                                   
pulp_clock_gating_21_12|clk_o_inferred_clock            171       i_pulpissimo.soc_domain_i.pulp_soc_i.soc_peripherals_i.i_apb_adv_timer.i_clk_gate_timer0.clk_o.OUT(and)                             i_pulpissimo.soc_domain_i.pulp_soc_i.soc_peripherals_i.i_apb_adv_timer.u_tim0.u_comp_ch3.r_comp_op[2:0].C             -                                                                                                               -                                                                                                                      
                                                                                                                                                                                                                                                                                                                                                                                                                                                                                                                                                                   
pulp_clock_gating_21_2|clk_o_inferred_clock             159       i_pulpissimo.soc_domain_i.pulp_soc_i.soc_peripherals_i.i_udma.i_udmacore.genblk1\[2\]\.i_clk_gate_per.i_clk_gate.clk_o.OUT(and)     i_pulpissimo.soc_domain_i.pulp_soc_i.soc_peripherals_i.i_udma.i_i2c_gen\[0\]\.i_i2c.i_i2c_control.r_ev_sel[1:0].C     -                                                                                                               -                                                                                                                      
                                                                                                                                                                                                                                                                                                                                                                                                                                                                                                                                                                   
pulp_clock_gating_21_4|clk_o_inferred_clock             159       i_pulpissimo.soc_domain_i.pulp_soc_i.soc_peripherals_i.i_udma.i_udmacore.genblk1\[3\]\.i_clk_gate_per.i_clk_gate.clk_o.OUT(and)     i_pulpissimo.soc_domain_i.pulp_soc_i.soc_peripherals_i.i_udma.i_i2c_gen\[1\]\.i_i2c.i_i2c_control.r_ev_sel[1:0].C     -                                                                                                               -                                                                                                                      
                                                                                                                                                                                                                                                                                                                                                                                                                                                                                                                                                                   
pad_control_1s_1s_2s|cam_pclk_o_inferred_clock          147       i_pulpissimo.safe_domain_i.pad_control_i.cam_pclk_o.OUT(and)                                                                        i_pulpissimo.soc_domain_i.pulp_soc_i.soc_peripherals_i.i_udma.i_camera_if.r_en_sync[1:0].C                            -                                                                                                               -                                                                                                                      
                                                                                                                                                                                                                                                                                                                                                                                                                                                                                                                                                                   
pulp_clock_gating_1|clk_o_inferred_clock                126       i_pulpissimo.soc_domain_i.pulp_soc_i.soc_peripherals_i.i_udma.i_udmacore.genblk1\[0\]\.i_clk_gate_per.i_clk_gate.clk_o.OUT(and)     i_pulpissimo.soc_domain_i.pulp_soc_i.soc_peripherals_i.i_udma.i_uart_gen\[0\]\.i_uart.r_uart_en_rx_sync[2:0].C        -                                                                                                               -                                                                                                                      
===================================================================================================================================================================================================================================================================================================================================================================================================================================================================================================================================================================
